// Jest Snapshot v1, https://goo.gl/fbAQLP

exports[`Breadcrumbs component should render with one node 1`] = `<DocumentFragment />`;

exports[`Breadcrumbs component should render without crashing 1`] = `<DocumentFragment />`;
