// Jest Snapshot v1, https://goo.gl/fbAQLP

exports[`NavigationDrawer component should render without crashing 1`] = `<DocumentFragment />`;
