// Jest Snapshot v1, https://goo.gl/fbAQLP

exports[`ConditionalTooltip component renders without crashing 1`] = `
<DocumentFragment>
  <div
    aria-label="Content"
    class=""
    data-mui-internal-clone-element="true"
  >
    Content
  </div>
</DocumentFragment>
`;
