// Jest Snapshot v1, https://goo.gl/fbAQLP

exports[`Generic Dialog component should match snapshot 1`] = `<DocumentFragment />`;
