// Jest Snapshot v1, https://goo.gl/fbAQLP

exports[`AuthProvider should match snapshot 1`] = `<DocumentFragment />`;
