// Jest Snapshot v1, https://goo.gl/fbAQLP

exports[`HeadSeo component should render without crashing 1`] = `<DocumentFragment />`;
