// Jest Snapshot v1, https://goo.gl/fbAQLP

exports[`Snackbar Provider should render without crashing 1`] = `<DocumentFragment />`;
